Archive member included because of file (symbol)

E:\share\autopilot_lpc1343_workspace\FreeRTOS_Library\Debug\libFreeRTOS_Library.a(queue.o)
                              ./main.o (xQueueCreate)
E:\share\autopilot_lpc1343_workspace\FreeRTOS_Library\Debug\libFreeRTOS_Library.a(tasks.o)
                              ./main.o (xTaskGenericCreate)
E:\share\autopilot_lpc1343_workspace\FreeRTOS_Library\Debug\libFreeRTOS_Library.a(heap_2.o)
                              E:\share\autopilot_lpc1343_workspace\FreeRTOS_Library\Debug\libFreeRTOS_Library.a(queue.o) (pvPortMalloc)
E:\share\autopilot_lpc1343_workspace\FreeRTOS_Library\Debug\libFreeRTOS_Library.a(port.o)
                              E:\share\autopilot_lpc1343_workspace\FreeRTOS_Library\Debug\libFreeRTOS_Library.a(tasks.o) (pxPortInitialiseStack)
E:\share\autopilot_lpc1343_workspace\FreeRTOS_Library\Debug\libFreeRTOS_Library.a(list.o)
                              E:\share\autopilot_lpc1343_workspace\FreeRTOS_Library\Debug\libFreeRTOS_Library.a(queue.o) (vListInitialise)
E:\share\autopilot_lpc1343_workspace\CMSISv1p30_LPC13xx\Debug\libCMSISv1p30_LPC13xx.a(system_LPC13xx.o)
                              E:\share\autopilot_lpc1343_workspace\FreeRTOS_Library\Debug\libFreeRTOS_Library.a(port.o) (SystemCoreClock)
c:/nxp/lpcxpresso_4.0.6_152/lpcxpresso/tools/bin/../lib/gcc/arm-none-eabi/4.5.1/../../../../arm-none-eabi/lib/thumb2\libcr_c.a(__weak__main.o)
                              ./cr_startup_lpc13.o (__main)
c:/nxp/lpcxpresso_4.0.6_152/lpcxpresso/tools/bin/../lib/gcc/arm-none-eabi/4.5.1/../../../../arm-none-eabi/lib/thumb2\libcr_c.a(strncpy.o)
                              E:\share\autopilot_lpc1343_workspace\FreeRTOS_Library\Debug\libFreeRTOS_Library.a(tasks.o) (strncpy)
c:/nxp/lpcxpresso_4.0.6_152/lpcxpresso/tools/bin/../lib/gcc/arm-none-eabi/4.5.1/../../../../arm-none-eabi/lib/thumb2\libcr_c.a(memcpy.o)
                              E:\share\autopilot_lpc1343_workspace\FreeRTOS_Library\Debug\libFreeRTOS_Library.a(queue.o) (memcpy)
c:/nxp/lpcxpresso_4.0.6_152/lpcxpresso/tools/bin/../lib/gcc/arm-none-eabi/4.5.1/../../../../arm-none-eabi/lib/thumb2\libcr_c.a(memset.o)
                              E:\share\autopilot_lpc1343_workspace\FreeRTOS_Library\Debug\libFreeRTOS_Library.a(tasks.o) (memset)
c:/nxp/lpcxpresso_4.0.6_152/lpcxpresso/tools/bin/../lib/gcc/arm-none-eabi/4.5.1/thumb2\libcr_eabihelpers.a(memcpy.o)
                              c:/nxp/lpcxpresso_4.0.6_152/lpcxpresso/tools/bin/../lib/gcc/arm-none-eabi/4.5.1/../../../../arm-none-eabi/lib/thumb2\libcr_c.a(memcpy.o) (__aeabi_memcpy)

Discarded input sections

 .text          0x00000000        0x0 ./cr_startup_lpc13.o
 .data          0x00000000        0x0 ./cr_startup_lpc13.o
 .bss           0x00000000        0x0 ./cr_startup_lpc13.o
 .text.SVCall_Handler
                0x00000000        0x8 ./cr_startup_lpc13.o
 .text.PendSV_Handler
                0x00000000        0x8 ./cr_startup_lpc13.o
 .text.SysTick_Handler
                0x00000000        0x8 ./cr_startup_lpc13.o
 .text          0x00000000        0x0 ./main.o
 .data          0x00000000        0x0 E:\share\autopilot_lpc1343_workspace\FreeRTOS_Library\Debug\libFreeRTOS_Library.a(queue.o)
 .bss           0x00000000        0x0 E:\share\autopilot_lpc1343_workspace\FreeRTOS_Library\Debug\libFreeRTOS_Library.a(queue.o)
 .data          0x00000000        0x0 E:\share\autopilot_lpc1343_workspace\FreeRTOS_Library\Debug\libFreeRTOS_Library.a(tasks.o)
 .bss           0x00000000        0x0 E:\share\autopilot_lpc1343_workspace\FreeRTOS_Library\Debug\libFreeRTOS_Library.a(port.o)
 .rodata        0x00000000        0x4 E:\share\autopilot_lpc1343_workspace\FreeRTOS_Library\Debug\libFreeRTOS_Library.a(port.o)
 .data          0x00000000        0x0 E:\share\autopilot_lpc1343_workspace\FreeRTOS_Library\Debug\libFreeRTOS_Library.a(list.o)
 .bss           0x00000000        0x0 E:\share\autopilot_lpc1343_workspace\FreeRTOS_Library\Debug\libFreeRTOS_Library.a(list.o)
 .text          0x00000000        0x0 E:\share\autopilot_lpc1343_workspace\CMSISv1p30_LPC13xx\Debug\libCMSISv1p30_LPC13xx.a(system_LPC13xx.o)
 .bss           0x00000000        0x0 E:\share\autopilot_lpc1343_workspace\CMSISv1p30_LPC13xx\Debug\libCMSISv1p30_LPC13xx.a(system_LPC13xx.o)
 .text.SystemCoreClockUpdate
                0x00000000      0x35c E:\share\autopilot_lpc1343_workspace\CMSISv1p30_LPC13xx\Debug\libCMSISv1p30_LPC13xx.a(system_LPC13xx.o)
 .text          0x00000000        0x0 c:/nxp/lpcxpresso_4.0.6_152/lpcxpresso/tools/bin/../lib/gcc/arm-none-eabi/4.5.1/../../../../arm-none-eabi/lib/thumb2\libcr_c.a(__weak__main.o)
 .data          0x00000000        0x0 c:/nxp/lpcxpresso_4.0.6_152/lpcxpresso/tools/bin/../lib/gcc/arm-none-eabi/4.5.1/../../../../arm-none-eabi/lib/thumb2\libcr_c.a(__weak__main.o)
 .bss           0x00000000        0x0 c:/nxp/lpcxpresso_4.0.6_152/lpcxpresso/tools/bin/../lib/gcc/arm-none-eabi/4.5.1/../../../../arm-none-eabi/lib/thumb2\libcr_c.a(__weak__main.o)
 .text          0x00000000        0x0 c:/nxp/lpcxpresso_4.0.6_152/lpcxpresso/tools/bin/../lib/gcc/arm-none-eabi/4.5.1/../../../../arm-none-eabi/lib/thumb2\libcr_c.a(strncpy.o)
 .data          0x00000000        0x0 c:/nxp/lpcxpresso_4.0.6_152/lpcxpresso/tools/bin/../lib/gcc/arm-none-eabi/4.5.1/../../../../arm-none-eabi/lib/thumb2\libcr_c.a(strncpy.o)
 .bss           0x00000000        0x0 c:/nxp/lpcxpresso_4.0.6_152/lpcxpresso/tools/bin/../lib/gcc/arm-none-eabi/4.5.1/../../../../arm-none-eabi/lib/thumb2\libcr_c.a(strncpy.o)
 .text          0x00000000        0x0 c:/nxp/lpcxpresso_4.0.6_152/lpcxpresso/tools/bin/../lib/gcc/arm-none-eabi/4.5.1/../../../../arm-none-eabi/lib/thumb2\libcr_c.a(memcpy.o)
 .data          0x00000000        0x0 c:/nxp/lpcxpresso_4.0.6_152/lpcxpresso/tools/bin/../lib/gcc/arm-none-eabi/4.5.1/../../../../arm-none-eabi/lib/thumb2\libcr_c.a(memcpy.o)
 .bss           0x00000000        0x0 c:/nxp/lpcxpresso_4.0.6_152/lpcxpresso/tools/bin/../lib/gcc/arm-none-eabi/4.5.1/../../../../arm-none-eabi/lib/thumb2\libcr_c.a(memcpy.o)
 .text          0x00000000        0x0 c:/nxp/lpcxpresso_4.0.6_152/lpcxpresso/tools/bin/../lib/gcc/arm-none-eabi/4.5.1/../../../../arm-none-eabi/lib/thumb2\libcr_c.a(memset.o)
 .data          0x00000000        0x0 c:/nxp/lpcxpresso_4.0.6_152/lpcxpresso/tools/bin/../lib/gcc/arm-none-eabi/4.5.1/../../../../arm-none-eabi/lib/thumb2\libcr_c.a(memset.o)
 .bss           0x00000000        0x0 c:/nxp/lpcxpresso_4.0.6_152/lpcxpresso/tools/bin/../lib/gcc/arm-none-eabi/4.5.1/../../../../arm-none-eabi/lib/thumb2\libcr_c.a(memset.o)
 .text          0x00000000        0x0 c:/nxp/lpcxpresso_4.0.6_152/lpcxpresso/tools/bin/../lib/gcc/arm-none-eabi/4.5.1/thumb2\libcr_eabihelpers.a(memcpy.o)
 .data          0x00000000        0x0 c:/nxp/lpcxpresso_4.0.6_152/lpcxpresso/tools/bin/../lib/gcc/arm-none-eabi/4.5.1/thumb2\libcr_eabihelpers.a(memcpy.o)
 .bss           0x00000000        0x0 c:/nxp/lpcxpresso_4.0.6_152/lpcxpresso/tools/bin/../lib/gcc/arm-none-eabi/4.5.1/thumb2\libcr_eabihelpers.a(memcpy.o)
 .text.__aeabi_memmove
                0x00000000       0x1c c:/nxp/lpcxpresso_4.0.6_152/lpcxpresso/tools/bin/../lib/gcc/arm-none-eabi/4.5.1/thumb2\libcr_eabihelpers.a(memcpy.o)
 .text.__aeabi_memclr
                0x00000000        0x8 c:/nxp/lpcxpresso_4.0.6_152/lpcxpresso/tools/bin/../lib/gcc/arm-none-eabi/4.5.1/thumb2\libcr_eabihelpers.a(memcpy.o)
 .text.__aeabi_memset
                0x00000000        0xa c:/nxp/lpcxpresso_4.0.6_152/lpcxpresso/tools/bin/../lib/gcc/arm-none-eabi/4.5.1/thumb2\libcr_eabihelpers.a(memcpy.o)

Memory Configuration

Name             Origin             Length             Attributes
MFlash32         0x00000000         0x00008000         xr
RamLoc8          0x10000000         0x00002000         xrw
*default*        0x00000000         0xffffffff

Linker script and memory map

LOAD ./cr_startup_lpc13.o
LOAD ./main.o
LOAD E:\share\autopilot_lpc1343_workspace\FreeRTOS_Library\Debug\libFreeRTOS_Library.a
LOAD E:\share\autopilot_lpc1343_workspace\CMSISv1p30_LPC13xx\Debug\libCMSISv1p30_LPC13xx.a
START GROUP
LOAD c:/nxp/lpcxpresso_4.0.6_152/lpcxpresso/tools/bin/../lib/gcc/arm-none-eabi/4.5.1/../../../../arm-none-eabi/lib/thumb2\libcr_c.a
LOAD c:/nxp/lpcxpresso_4.0.6_152/lpcxpresso/tools/bin/../lib/gcc/arm-none-eabi/4.5.1/thumb2\libcr_eabihelpers.a
END GROUP
                0x00008000                __top_MFlash32 = 0x8000
                0x10002000                __top_RamLoc8 = 0x10002000

.text           0x00000000     0x1a7c
 FILL mask 0xff
 *(.isr_vector)
 .isr_vector    0x00000000      0x124 ./cr_startup_lpc13.o
                0x00000000                g_pfnVectors
                0x00000124                . = ALIGN (0x4)
                0x00000124                __section_table_start = .
                0x00000124                __data_section_table = .
                0x00000124        0x4 LONG 0x1a7c LOADADDR (.data)
                0x00000128        0x4 LONG 0x10000000 ADDR (.data)
                0x0000012c        0x4 LONG 0x10 SIZEOF (.data)
                0x00000130                __data_section_table_end = .
                0x00000130                __bss_section_table = .
                0x00000130        0x4 LONG 0x10000010 ADDR (.bss)
                0x00000134        0x4 LONG 0x920 SIZEOF (.bss)
                0x00000138                __bss_section_table_end = .
                0x00000138                __section_table_end = .
 *(.after_vectors*)
 *(.text*)
 .text.ResetISR
                0x00000138       0x68 ./cr_startup_lpc13.o
                0x00000138                ResetISR
 .text.NMI_Handler
                0x000001a0        0x8 ./cr_startup_lpc13.o
                0x000001a0                NMI_Handler
 .text.HardFault_Handler
                0x000001a8        0x8 ./cr_startup_lpc13.o
                0x000001a8                HardFault_Handler
 .text.MemManage_Handler
                0x000001b0        0x8 ./cr_startup_lpc13.o
                0x000001b0                MemManage_Handler
 .text.BusFault_Handler
                0x000001b8        0x8 ./cr_startup_lpc13.o
                0x000001b8                BusFault_Handler
 .text.UsageFault_Handler
                0x000001c0        0x8 ./cr_startup_lpc13.o
                0x000001c0                UsageFault_Handler
 .text.DebugMon_Handler
                0x000001c8        0x8 ./cr_startup_lpc13.o
                0x000001c8                DebugMon_Handler
 .text.IntDefaultHandler
                0x000001d0        0x8 ./cr_startup_lpc13.o
                0x000001d0                TIMER16_0_IRQHandler
                0x000001d0                UART_IRQHandler
                0x000001d0                TIMER32_0_IRQHandler
                0x000001d0                TIMER32_1_IRQHandler
                0x000001d0                IntDefaultHandler
                0x000001d0                PIOINT1_IRQHandler
                0x000001d0                SSP_IRQHandler
                0x000001d0                TIMER16_1_IRQHandler
                0x000001d0                USB_FIQHandler
                0x000001d0                ADC_IRQHandler
                0x000001d0                PIOINT2_IRQHandler
                0x000001d0                USB_IRQHandler
                0x000001d0                BOD_IRQHandler
                0x000001d0                WAKEUP_IRQHandler
                0x000001d0                PIOINT0_IRQHandler
                0x000001d0                I2C_IRQHandler
                0x000001d0                WDT_IRQHandler
                0x000001d0                PIOINT3_IRQHandler
                0x000001d0                FMC_IRQHandler
 .text.main     0x000001d8       0xc0 ./main.o
                0x000001d8                main
 .text.prvQueueSendTask
                0x00000298       0x44 ./main.o
 .text.prvQueueReceiveTask
                0x000002dc       0x38 ./main.o
 .text.prvToggleLED
                0x00000314       0x40 ./main.o
 .text          0x00000354      0x4dc E:\share\autopilot_lpc1343_workspace\FreeRTOS_Library\Debug\libFreeRTOS_Library.a(queue.o)
                0x0000045c                xQueueCreate
                0x000004c8                xQueueCreateCountingSemaphore
                0x000004e0                xQueueGenericSend
                0x000005c4                xQueueCreateMutex
                0x00000610                xQueueGenericSendFromISR
                0x0000066c                xQueueGenericReceive
                0x00000788                xQueueReceiveFromISR
                0x000007e8                uxQueueMessagesWaiting
                0x000007fc                uxQueueMessagesWaitingFromISR
                0x00000800                vQueueDelete
                0x00000814                xQueueIsQueueEmptyFromISR
                0x00000820                xQueueIsQueueFullFromISR
 .text          0x00000830      0xc38 E:\share\autopilot_lpc1343_workspace\FreeRTOS_Library\Debug\libFreeRTOS_Library.a(tasks.o)
                0x00000830                xTaskGenericCreate
                0x00000a30                vTaskDelete
                0x00000aac                uxTaskPriorityGet
                0x00000acc                vTaskPrioritySet
                0x00000b80                xTaskIsTaskSuspended
                0x00000bac                vTaskResume
                0x00000c28                xTaskResumeFromISR
                0x00000ca8                vTaskStartScheduler
                0x00000cfc                vTaskEndScheduler
                0x00000d1c                vTaskSuspendAll
                0x00000d34                xTaskGetTickCount
                0x00000d50                xTaskGetTickCountFromISR
                0x00000d60                uxTaskGetNumberOfTasks
                0x00000d6c                vTaskIncrementTick
                0x00000e34                xTaskResumeAll
                0x00000fac                vTaskDelay
                0x00001004                vTaskDelayUntil
                0x000010a0                vTaskSwitchContext
                0x00001154                vTaskSuspend
                0x000011e0                vTaskPlaceOnEventList
                0x0000124c                xTaskRemoveFromEventList
                0x000012d4                vTaskSetTimeOutState
                0x000012ec                xTaskCheckForTimeOut
                0x00001368                vTaskMissedYield
                0x0000137c                xTaskGetCurrentTaskHandle
                0x00001388                vTaskPriorityInherit
                0x00001414                vTaskPriorityDisinherit
 .text          0x00001468      0x130 E:\share\autopilot_lpc1343_workspace\FreeRTOS_Library\Debug\libFreeRTOS_Library.a(heap_2.o)
                0x00001468                pvPortMalloc
                0x00001548                vPortFree
                0x00001588                xPortGetFreeHeapSize
                0x00001594                vPortInitialiseBlocks
 .text          0x00001598      0x174 E:\share\autopilot_lpc1343_workspace\FreeRTOS_Library\Debug\libFreeRTOS_Library.a(port.o)
                0x00001598                pxPortInitialiseStack
                0x000015c4                vPortSVCHandler
                0x000015e4                vPortStartFirstTask
                0x000015f0                xPortStartScheduler
                0x00001658                vPortEndScheduler
                0x0000165c                vPortYieldFromISR
                0x0000166c                vPortEnterCritical
                0x00001688                vPortExitCritical
                0x000016a4                xPortPendSVHandler
                0x000016e0                xPortSysTickHandler
 .text          0x0000170c       0xa4 E:\share\autopilot_lpc1343_workspace\FreeRTOS_Library\Debug\libFreeRTOS_Library.a(list.o)
                0x0000170c                vListInitialise
                0x00001724                vListInitialiseItem
                0x0000172c                vListInsertEnd
                0x0000174c                vListInsert
                0x00001788                vListRemove
 .text.__NOP    0x000017b0        0xc E:\share\autopilot_lpc1343_workspace\CMSISv1p30_LPC13xx\Debug\libCMSISv1p30_LPC13xx.a(system_LPC13xx.o)
 .text.SystemInit
                0x000017bc      0x200 E:\share\autopilot_lpc1343_workspace\CMSISv1p30_LPC13xx\Debug\libCMSISv1p30_LPC13xx.a(system_LPC13xx.o)
                0x000017bc                SystemInit
 .text.__weak_main
                0x000019bc        0x4 c:/nxp/lpcxpresso_4.0.6_152/lpcxpresso/tools/bin/../lib/gcc/arm-none-eabi/4.5.1/../../../../arm-none-eabi/lib/thumb2\libcr_c.a(__weak__main.o)
                0x000019bc                __weak_main
                0x000019bc                __main
 .text.strncpy  0x000019c0       0x58 c:/nxp/lpcxpresso_4.0.6_152/lpcxpresso/tools/bin/../lib/gcc/arm-none-eabi/4.5.1/../../../../arm-none-eabi/lib/thumb2\libcr_c.a(strncpy.o)
                0x000019c0                strncpy
 .text.memcpy   0x00001a18        0x4 c:/nxp/lpcxpresso_4.0.6_152/lpcxpresso/tools/bin/../lib/gcc/arm-none-eabi/4.5.1/../../../../arm-none-eabi/lib/thumb2\libcr_c.a(memcpy.o)
                0x00001a18                memcpy
 .text.memset   0x00001a1c        0x4 c:/nxp/lpcxpresso_4.0.6_152/lpcxpresso/tools/bin/../lib/gcc/arm-none-eabi/4.5.1/../../../../arm-none-eabi/lib/thumb2\libcr_c.a(memset.o)
                0x00001a1c                memset
 .text.__aeabi_memcpy
                0x00001a20       0x26 c:/nxp/lpcxpresso_4.0.6_152/lpcxpresso/tools/bin/../lib/gcc/arm-none-eabi/4.5.1/thumb2\libcr_eabihelpers.a(memcpy.o)
                0x00001a20                __aeabi_memcpy4
                0x00001a20                __aeabi_memcpy8
                0x00001a20                __aeabi_memcpy
 .text.__aeabi_memset_lowlevel
                0x00001a46       0x24 c:/nxp/lpcxpresso_4.0.6_152/lpcxpresso/tools/bin/../lib/gcc/arm-none-eabi/4.5.1/thumb2\libcr_eabihelpers.a(memcpy.o)
                0x00001a46                __aeabi_lowlevel_memset
 *(.rodata .rodata.*)
 *fill*         0x00001a6a        0x2 00
 .rodata        0x00001a6c        0x8 ./main.o
 .rodata.str1.4
                0x00001a74        0x8 E:\share\autopilot_lpc1343_workspace\FreeRTOS_Library\Debug\libFreeRTOS_Library.a(tasks.o)
                0x00001a7c                . = ALIGN (0x4)

.glue_7         0x00001a7c        0x0
 .glue_7        0x00000000        0x0 linker stubs

.glue_7t        0x00001a7c        0x0
 .glue_7t       0x00000000        0x0 linker stubs

.vfp11_veneer   0x00001a7c        0x0
 .vfp11_veneer  0x00000000        0x0 linker stubs

.v4_bx          0x00001a7c        0x0
 .v4_bx         0x00000000        0x0 linker stubs

.ARM.extab
 *(.ARM.extab* .gnu.linkonce.armextab.*)
                0x00001a7c                __exidx_start = .

.ARM.exidx
 *(.ARM.exidx* .gnu.linkonce.armexidx.*)
                0x00001a7c                __exidx_end = .
                0x00001a7c                _etext = .

.uninit_RESERVED
 *(.bss.$RESERVED*)

.data           0x10000000       0x10 load address 0x00001a7c
 FILL mask 0xff
                0x10000000                _data = .
 *(vtable)
 *(.data*)
 .data          0x10000000        0x4 ./main.o
 .data          0x10000004        0x4 E:\share\autopilot_lpc1343_workspace\FreeRTOS_Library\Debug\libFreeRTOS_Library.a(heap_2.o)
 .data          0x10000008        0x4 E:\share\autopilot_lpc1343_workspace\FreeRTOS_Library\Debug\libFreeRTOS_Library.a(port.o)
 .data          0x1000000c        0x4 E:\share\autopilot_lpc1343_workspace\CMSISv1p30_LPC13xx\Debug\libCMSISv1p30_LPC13xx.a(system_LPC13xx.o)
                0x1000000c                SystemCoreClock
                0x10000010                . = ALIGN (0x4)
                0x10000010                _edata = .

.bss            0x10000010      0x920 load address 0x00001a8c
                0x10000010                _bss = .
 *(.bss*)
 .bss           0x10000010        0x4 ./main.o
 .bss           0x10000014      0x100 E:\share\autopilot_lpc1343_workspace\FreeRTOS_Library\Debug\libFreeRTOS_Library.a(tasks.o)
                0x10000018                pxCurrentTCB
 *fill*         0x10000114        0x4 00
 .bss           0x10000118      0x818 E:\share\autopilot_lpc1343_workspace\FreeRTOS_Library\Debug\libFreeRTOS_Library.a(heap_2.o)
 *(COMMON)
                0x10000930                . = ALIGN (0x4)
                0x10000930                _ebss = .
                0x10000930                PROVIDE (end, .)
                0x10000930                PROVIDE (_pvHeapStart, .)
                0x10002000                PROVIDE (_vStackTop, (__top_RamLoc8 - 0x0))
OUTPUT(SimpleDemo.axf elf32-littlearm)

.debug_abbrev   0x00000000      0xaa8
 .debug_abbrev  0x00000000       0xb4 ./cr_startup_lpc13.o
 .debug_abbrev  0x000000b4      0x11f ./main.o
 .debug_abbrev  0x000001d3      0x1b3 E:\share\autopilot_lpc1343_workspace\FreeRTOS_Library\Debug\libFreeRTOS_Library.a(queue.o)
 .debug_abbrev  0x00000386      0x285 E:\share\autopilot_lpc1343_workspace\FreeRTOS_Library\Debug\libFreeRTOS_Library.a(tasks.o)
 .debug_abbrev  0x0000060b      0x19a E:\share\autopilot_lpc1343_workspace\FreeRTOS_Library\Debug\libFreeRTOS_Library.a(heap_2.o)
 .debug_abbrev  0x000007a5      0x139 E:\share\autopilot_lpc1343_workspace\FreeRTOS_Library\Debug\libFreeRTOS_Library.a(port.o)
 .debug_abbrev  0x000008de       0xda E:\share\autopilot_lpc1343_workspace\FreeRTOS_Library\Debug\libFreeRTOS_Library.a(list.o)
 .debug_abbrev  0x000009b8       0xf0 E:\share\autopilot_lpc1343_workspace\CMSISv1p30_LPC13xx\Debug\libCMSISv1p30_LPC13xx.a(system_LPC13xx.o)

.debug_info     0x00000000     0x27da
 .debug_info    0x00000000      0x210 ./cr_startup_lpc13.o
 .debug_info    0x00000210      0x2b7 ./main.o
 .debug_info    0x000004c7      0x816 E:\share\autopilot_lpc1343_workspace\FreeRTOS_Library\Debug\libFreeRTOS_Library.a(queue.o)
 .debug_info    0x00000cdd      0xdb0 E:\share\autopilot_lpc1343_workspace\FreeRTOS_Library\Debug\libFreeRTOS_Library.a(tasks.o)
 .debug_info    0x00001a8d      0x2d3 E:\share\autopilot_lpc1343_workspace\FreeRTOS_Library\Debug\libFreeRTOS_Library.a(heap_2.o)
 .debug_info    0x00001d60      0x245 E:\share\autopilot_lpc1343_workspace\FreeRTOS_Library\Debug\libFreeRTOS_Library.a(port.o)
 .debug_info    0x00001fa5      0x2c5 E:\share\autopilot_lpc1343_workspace\FreeRTOS_Library\Debug\libFreeRTOS_Library.a(list.o)
 .debug_info    0x0000226a      0x570 E:\share\autopilot_lpc1343_workspace\CMSISv1p30_LPC13xx\Debug\libCMSISv1p30_LPC13xx.a(system_LPC13xx.o)

.debug_line     0x00000000     0x2a6a
 .debug_line    0x00000000      0x444 ./cr_startup_lpc13.o
 .debug_line    0x00000444      0x514 ./main.o
 .debug_line    0x00000958      0x622 E:\share\autopilot_lpc1343_workspace\FreeRTOS_Library\Debug\libFreeRTOS_Library.a(queue.o)
 .debug_line    0x00000f7a      0x7af E:\share\autopilot_lpc1343_workspace\FreeRTOS_Library\Debug\libFreeRTOS_Library.a(tasks.o)
 .debug_line    0x00001729      0x535 E:\share\autopilot_lpc1343_workspace\FreeRTOS_Library\Debug\libFreeRTOS_Library.a(heap_2.o)
 .debug_line    0x00001c5e      0x4ef E:\share\autopilot_lpc1343_workspace\FreeRTOS_Library\Debug\libFreeRTOS_Library.a(port.o)
 .debug_line    0x0000214d      0x4f0 E:\share\autopilot_lpc1343_workspace\FreeRTOS_Library\Debug\libFreeRTOS_Library.a(list.o)
 .debug_line    0x0000263d      0x42d E:\share\autopilot_lpc1343_workspace\CMSISv1p30_LPC13xx\Debug\libCMSISv1p30_LPC13xx.a(system_LPC13xx.o)

.debug_macinfo  0x00000000    0x3d1ba
 .debug_macinfo
                0x00000000     0x312a ./cr_startup_lpc13.o
 .debug_macinfo
                0x0000312a     0x8b8e ./main.o
 .debug_macinfo
                0x0000bcb8     0x8d17 E:\share\autopilot_lpc1343_workspace\FreeRTOS_Library\Debug\libFreeRTOS_Library.a(queue.o)
 .debug_macinfo
                0x000149cf     0x8bc6 E:\share\autopilot_lpc1343_workspace\FreeRTOS_Library\Debug\libFreeRTOS_Library.a(tasks.o)
 .debug_macinfo
                0x0001d595     0x87cb E:\share\autopilot_lpc1343_workspace\FreeRTOS_Library\Debug\libFreeRTOS_Library.a(heap_2.o)
 .debug_macinfo
                0x00025d60     0x8635 E:\share\autopilot_lpc1343_workspace\FreeRTOS_Library\Debug\libFreeRTOS_Library.a(port.o)
 .debug_macinfo
                0x0002e395     0x811e E:\share\autopilot_lpc1343_workspace\FreeRTOS_Library\Debug\libFreeRTOS_Library.a(list.o)
 .debug_macinfo
                0x000364b3     0x6d07 E:\share\autopilot_lpc1343_workspace\CMSISv1p30_LPC13xx\Debug\libCMSISv1p30_LPC13xx.a(system_LPC13xx.o)

.debug_loc      0x00000000     0x16f0
 .debug_loc     0x00000000      0x1f0 ./cr_startup_lpc13.o
 .debug_loc     0x000001f0       0xd4 ./main.o
 .debug_loc     0x000002c4      0x69f E:\share\autopilot_lpc1343_workspace\FreeRTOS_Library\Debug\libFreeRTOS_Library.a(queue.o)
 .debug_loc     0x00000963      0xa0a E:\share\autopilot_lpc1343_workspace\FreeRTOS_Library\Debug\libFreeRTOS_Library.a(tasks.o)
 .debug_loc     0x0000136d      0x209 E:\share\autopilot_lpc1343_workspace\FreeRTOS_Library\Debug\libFreeRTOS_Library.a(heap_2.o)
 .debug_loc     0x00001576       0x89 E:\share\autopilot_lpc1343_workspace\FreeRTOS_Library\Debug\libFreeRTOS_Library.a(port.o)
 .debug_loc     0x000015ff       0x55 E:\share\autopilot_lpc1343_workspace\FreeRTOS_Library\Debug\libFreeRTOS_Library.a(list.o)
 .debug_loc     0x00001654       0x9c E:\share\autopilot_lpc1343_workspace\CMSISv1p30_LPC13xx\Debug\libCMSISv1p30_LPC13xx.a(system_LPC13xx.o)

.debug_pubnames
                0x00000000      0x71d
 .debug_pubnames
                0x00000000       0xfd ./cr_startup_lpc13.o
 .debug_pubnames
                0x000000fd       0x1b ./main.o
 .debug_pubnames
                0x00000118      0x149 E:\share\autopilot_lpc1343_workspace\FreeRTOS_Library\Debug\libFreeRTOS_Library.a(queue.o)
 .debug_pubnames
                0x00000261      0x28b E:\share\autopilot_lpc1343_workspace\FreeRTOS_Library\Debug\libFreeRTOS_Library.a(tasks.o)
 .debug_pubnames
                0x000004ec       0x64 E:\share\autopilot_lpc1343_workspace\FreeRTOS_Library\Debug\libFreeRTOS_Library.a(heap_2.o)
 .debug_pubnames
                0x00000550      0x10d E:\share\autopilot_lpc1343_workspace\FreeRTOS_Library\Debug\libFreeRTOS_Library.a(port.o)
 .debug_pubnames
                0x0000065d       0x71 E:\share\autopilot_lpc1343_workspace\FreeRTOS_Library\Debug\libFreeRTOS_Library.a(list.o)
 .debug_pubnames
                0x000006ce       0x4f E:\share\autopilot_lpc1343_workspace\CMSISv1p30_LPC13xx\Debug\libCMSISv1p30_LPC13xx.a(system_LPC13xx.o)

.debug_pubtypes
                0x00000000      0x384
 .debug_pubtypes
                0x00000000       0x12 ./cr_startup_lpc13.o
 .debug_pubtypes
                0x00000012       0x56 ./main.o
 .debug_pubtypes
                0x00000068       0xd4 E:\share\autopilot_lpc1343_workspace\FreeRTOS_Library\Debug\libFreeRTOS_Library.a(queue.o)
 .debug_pubtypes
                0x0000013c      0x10c E:\share\autopilot_lpc1343_workspace\FreeRTOS_Library\Debug\libFreeRTOS_Library.a(tasks.o)
 .debug_pubtypes
                0x00000248       0x4c E:\share\autopilot_lpc1343_workspace\FreeRTOS_Library\Debug\libFreeRTOS_Library.a(heap_2.o)
 .debug_pubtypes
                0x00000294       0x40 E:\share\autopilot_lpc1343_workspace\FreeRTOS_Library\Debug\libFreeRTOS_Library.a(port.o)
 .debug_pubtypes
                0x000002d4       0x7a E:\share\autopilot_lpc1343_workspace\FreeRTOS_Library\Debug\libFreeRTOS_Library.a(list.o)
 .debug_pubtypes
                0x0000034e       0x36 E:\share\autopilot_lpc1343_workspace\CMSISv1p30_LPC13xx\Debug\libCMSISv1p30_LPC13xx.a(system_LPC13xx.o)

.debug_aranges  0x00000000      0x178
 .debug_aranges
                0x00000000       0x70 ./cr_startup_lpc13.o
 .debug_aranges
                0x00000070       0x38 ./main.o
 .debug_aranges
                0x000000a8       0x20 E:\share\autopilot_lpc1343_workspace\FreeRTOS_Library\Debug\libFreeRTOS_Library.a(queue.o)
 .debug_aranges
                0x000000c8       0x20 E:\share\autopilot_lpc1343_workspace\FreeRTOS_Library\Debug\libFreeRTOS_Library.a(tasks.o)
 .debug_aranges
                0x000000e8       0x20 E:\share\autopilot_lpc1343_workspace\FreeRTOS_Library\Debug\libFreeRTOS_Library.a(heap_2.o)
 .debug_aranges
                0x00000108       0x20 E:\share\autopilot_lpc1343_workspace\FreeRTOS_Library\Debug\libFreeRTOS_Library.a(port.o)
 .debug_aranges
                0x00000128       0x20 E:\share\autopilot_lpc1343_workspace\FreeRTOS_Library\Debug\libFreeRTOS_Library.a(list.o)
 .debug_aranges
                0x00000148       0x30 E:\share\autopilot_lpc1343_workspace\CMSISv1p30_LPC13xx\Debug\libCMSISv1p30_LPC13xx.a(system_LPC13xx.o)

.debug_ranges   0x00000000      0x118
 .debug_ranges  0x00000000       0x60 ./cr_startup_lpc13.o
 .debug_ranges  0x00000060       0x28 ./main.o
 .debug_ranges  0x00000088       0x70 E:\share\autopilot_lpc1343_workspace\FreeRTOS_Library\Debug\libFreeRTOS_Library.a(tasks.o)
 .debug_ranges  0x000000f8       0x20 E:\share\autopilot_lpc1343_workspace\CMSISv1p30_LPC13xx\Debug\libCMSISv1p30_LPC13xx.a(system_LPC13xx.o)

.debug_str      0x00000000     0x12f6
 .debug_str     0x00000000      0x18d ./cr_startup_lpc13.o
                                0x1c1 (size before relaxing)
 .debug_str     0x0000018d       0xed ./main.o
                                0x1c1 (size before relaxing)
 .debug_str     0x0000027a      0x406 E:\share\autopilot_lpc1343_workspace\FreeRTOS_Library\Debug\libFreeRTOS_Library.a(queue.o)
                                0x4e8 (size before relaxing)
 .debug_str     0x00000680      0x638 E:\share\autopilot_lpc1343_workspace\FreeRTOS_Library\Debug\libFreeRTOS_Library.a(tasks.o)
                                0x824 (size before relaxing)
 .debug_str     0x00000cb8      0x150 E:\share\autopilot_lpc1343_workspace\FreeRTOS_Library\Debug\libFreeRTOS_Library.a(heap_2.o)
                                0x237 (size before relaxing)
 .debug_str     0x00000e08      0x12a E:\share\autopilot_lpc1343_workspace\FreeRTOS_Library\Debug\libFreeRTOS_Library.a(port.o)
                                0x246 (size before relaxing)
 .debug_str     0x00000f32       0x92 E:\share\autopilot_lpc1343_workspace\FreeRTOS_Library\Debug\libFreeRTOS_Library.a(list.o)
                                0x21b (size before relaxing)
 .debug_str     0x00000fc4      0x332 E:\share\autopilot_lpc1343_workspace\CMSISv1p30_LPC13xx\Debug\libCMSISv1p30_LPC13xx.a(system_LPC13xx.o)
                                0x3f1 (size before relaxing)

.comment        0x00000000       0x2a
 .comment       0x00000000       0x2a ./cr_startup_lpc13.o
                                 0x2b (size before relaxing)
 .comment       0x00000000       0x2b ./main.o
 .comment       0x00000000       0x2b E:\share\autopilot_lpc1343_workspace\FreeRTOS_Library\Debug\libFreeRTOS_Library.a(queue.o)
 .comment       0x00000000       0x2b E:\share\autopilot_lpc1343_workspace\FreeRTOS_Library\Debug\libFreeRTOS_Library.a(tasks.o)
 .comment       0x00000000       0x2b E:\share\autopilot_lpc1343_workspace\FreeRTOS_Library\Debug\libFreeRTOS_Library.a(heap_2.o)
 .comment       0x00000000       0x2b E:\share\autopilot_lpc1343_workspace\FreeRTOS_Library\Debug\libFreeRTOS_Library.a(port.o)
 .comment       0x00000000       0x2b E:\share\autopilot_lpc1343_workspace\FreeRTOS_Library\Debug\libFreeRTOS_Library.a(list.o)
 .comment       0x00000000       0x2b E:\share\autopilot_lpc1343_workspace\CMSISv1p30_LPC13xx\Debug\libCMSISv1p30_LPC13xx.a(system_LPC13xx.o)
 .comment       0x00000000       0x2b c:/nxp/lpcxpresso_4.0.6_152/lpcxpresso/tools/bin/../lib/gcc/arm-none-eabi/4.5.1/../../../../arm-none-eabi/lib/thumb2\libcr_c.a(__weak__main.o)
 .comment       0x00000000       0x2b c:/nxp/lpcxpresso_4.0.6_152/lpcxpresso/tools/bin/../lib/gcc/arm-none-eabi/4.5.1/../../../../arm-none-eabi/lib/thumb2\libcr_c.a(strncpy.o)
 .comment       0x00000000       0x2b c:/nxp/lpcxpresso_4.0.6_152/lpcxpresso/tools/bin/../lib/gcc/arm-none-eabi/4.5.1/../../../../arm-none-eabi/lib/thumb2\libcr_c.a(memcpy.o)
 .comment       0x00000000       0x2b c:/nxp/lpcxpresso_4.0.6_152/lpcxpresso/tools/bin/../lib/gcc/arm-none-eabi/4.5.1/../../../../arm-none-eabi/lib/thumb2\libcr_c.a(memset.o)

.ARM.attributes
                0x00000000       0x2f
 .ARM.attributes
                0x00000000       0x31 ./cr_startup_lpc13.o
 .ARM.attributes
                0x00000031       0x31 ./main.o
 .ARM.attributes
                0x00000062       0x31 E:\share\autopilot_lpc1343_workspace\FreeRTOS_Library\Debug\libFreeRTOS_Library.a(queue.o)
 .ARM.attributes
                0x00000093       0x31 E:\share\autopilot_lpc1343_workspace\FreeRTOS_Library\Debug\libFreeRTOS_Library.a(tasks.o)
 .ARM.attributes
                0x000000c4       0x31 E:\share\autopilot_lpc1343_workspace\FreeRTOS_Library\Debug\libFreeRTOS_Library.a(heap_2.o)
 .ARM.attributes
                0x000000f5       0x31 E:\share\autopilot_lpc1343_workspace\FreeRTOS_Library\Debug\libFreeRTOS_Library.a(port.o)
 .ARM.attributes
                0x00000126       0x31 E:\share\autopilot_lpc1343_workspace\FreeRTOS_Library\Debug\libFreeRTOS_Library.a(list.o)
 .ARM.attributes
                0x00000157       0x31 E:\share\autopilot_lpc1343_workspace\CMSISv1p30_LPC13xx\Debug\libCMSISv1p30_LPC13xx.a(system_LPC13xx.o)
 .ARM.attributes
                0x00000188       0x31 c:/nxp/lpcxpresso_4.0.6_152/lpcxpresso/tools/bin/../lib/gcc/arm-none-eabi/4.5.1/../../../../arm-none-eabi/lib/thumb2\libcr_c.a(__weak__main.o)
 .ARM.attributes
                0x000001b9       0x31 c:/nxp/lpcxpresso_4.0.6_152/lpcxpresso/tools/bin/../lib/gcc/arm-none-eabi/4.5.1/../../../../arm-none-eabi/lib/thumb2\libcr_c.a(strncpy.o)
 .ARM.attributes
                0x000001ea       0x31 c:/nxp/lpcxpresso_4.0.6_152/lpcxpresso/tools/bin/../lib/gcc/arm-none-eabi/4.5.1/../../../../arm-none-eabi/lib/thumb2\libcr_c.a(memcpy.o)
 .ARM.attributes
                0x0000021b       0x31 c:/nxp/lpcxpresso_4.0.6_152/lpcxpresso/tools/bin/../lib/gcc/arm-none-eabi/4.5.1/../../../../arm-none-eabi/lib/thumb2\libcr_c.a(memset.o)
 .ARM.attributes
                0x0000024c       0x21 c:/nxp/lpcxpresso_4.0.6_152/lpcxpresso/tools/bin/../lib/gcc/arm-none-eabi/4.5.1/thumb2\libcr_eabihelpers.a(memcpy.o)

.debug_frame    0x00000000      0x814
 .debug_frame   0x00000000      0x120 ./cr_startup_lpc13.o
 .debug_frame   0x00000120       0x88 ./main.o
 .debug_frame   0x000001a8      0x19c E:\share\autopilot_lpc1343_workspace\FreeRTOS_Library\Debug\libFreeRTOS_Library.a(queue.o)
 .debug_frame   0x00000344      0x2d4 E:\share\autopilot_lpc1343_workspace\FreeRTOS_Library\Debug\libFreeRTOS_Library.a(tasks.o)
 .debug_frame   0x00000618       0x68 E:\share\autopilot_lpc1343_workspace\FreeRTOS_Library\Debug\libFreeRTOS_Library.a(heap_2.o)
 .debug_frame   0x00000680       0xc8 E:\share\autopilot_lpc1343_workspace\FreeRTOS_Library\Debug\libFreeRTOS_Library.a(port.o)
 .debug_frame   0x00000748       0x68 E:\share\autopilot_lpc1343_workspace\FreeRTOS_Library\Debug\libFreeRTOS_Library.a(list.o)
 .debug_frame   0x000007b0       0x64 E:\share\autopilot_lpc1343_workspace\CMSISv1p30_LPC13xx\Debug\libCMSISv1p30_LPC13xx.a(system_LPC13xx.o)
